// Jest Snapshot v1, https://goo.gl/fbAQLP

exports[`should render correctly 1`] = `
<PRDecorationBindingRenderer
  formData={
    Object {
      "key": "",
    }
  }
  instances={Array []}
  isChanged={false}
  isConfigured={false}
  isValid={false}
  loading={true}
  onFieldChange={[Function]}
  onReset={[Function]}
  onSubmit={[Function]}
  saving={false}
  success={false}
/>
`;
